<?xml version="1.0"?>
<link_info>
   <banner>TI ARM Linker PC v16.9.6.LTS</banner>
   <copyright>Copyright (c) 1996-2017 Texas Instruments Incorporated</copyright>
   <link_time>0x5a5bc761</link_time>
   <link_errors>0x0</link_errors>
   <output_file>ePaper_200x200.out</output_file>
   <entry_point>
      <name>_c_int00</name>
      <address>0x1c91</address>
   </entry_point>
   <input_file_list>
      <input_file id="fl-2">
         <path>.\</path>
         <kind>object</kind>
         <file>HAL_MSP432P401R_ePaper200x200.obj</file>
         <name>HAL_MSP432P401R_ePaper200x200.obj</name>
      </input_file>
      <input_file id="fl-3">
         <path>.\</path>
         <kind>object</kind>
         <file>aes256.obj</file>
         <name>aes256.obj</name>
      </input_file>
      <input_file id="fl-4">
         <path>.\</path>
         <kind>object</kind>
         <file>comp_e.obj</file>
         <name>comp_e.obj</name>
      </input_file>
      <input_file id="fl-5">
         <path>.\</path>
         <kind>object</kind>
         <file>cpu.obj</file>
         <name>cpu.obj</name>
      </input_file>
      <input_file id="fl-6">
         <path>.\</path>
         <kind>object</kind>
         <file>crc32.obj</file>
         <name>crc32.obj</name>
      </input_file>
      <input_file id="fl-7">
         <path>.\</path>
         <kind>object</kind>
         <file>cs.obj</file>
         <name>cs.obj</name>
      </input_file>
      <input_file id="fl-8">
         <path>.\</path>
         <kind>object</kind>
         <file>dma.obj</file>
         <name>dma.obj</name>
      </input_file>
      <input_file id="fl-9">
         <path>.\</path>
         <kind>object</kind>
         <file>ePaper200x200_driver.obj</file>
         <name>ePaper200x200_driver.obj</name>
      </input_file>
      <input_file id="fl-a">
         <path>.\</path>
         <kind>object</kind>
         <file>flash.obj</file>
         <name>flash.obj</name>
      </input_file>
      <input_file id="fl-b">
         <path>.\</path>
         <kind>object</kind>
         <file>fpu.obj</file>
         <name>fpu.obj</name>
      </input_file>
      <input_file id="fl-c">
         <path>.\</path>
         <kind>object</kind>
         <file>gpio.obj</file>
         <name>gpio.obj</name>
      </input_file>
      <input_file id="fl-d">
         <path>.\</path>
         <kind>object</kind>
         <file>interrupt.obj</file>
         <name>interrupt.obj</name>
      </input_file>
      <input_file id="fl-e">
         <path>.\</path>
         <kind>object</kind>
         <file>main.obj</file>
         <name>main.obj</name>
      </input_file>
      <input_file id="fl-f">
         <path>.\</path>
         <kind>object</kind>
         <file>mpu.obj</file>
         <name>mpu.obj</name>
      </input_file>
      <input_file id="fl-10">
         <path>.\</path>
         <kind>object</kind>
         <file>pcm.obj</file>
         <name>pcm.obj</name>
      </input_file>
      <input_file id="fl-11">
         <path>.\</path>
         <kind>object</kind>
         <file>pmap.obj</file>
         <name>pmap.obj</name>
      </input_file>
      <input_file id="fl-12">
         <path>.\</path>
         <kind>object</kind>
         <file>pss.obj</file>
         <name>pss.obj</name>
      </input_file>
      <input_file id="fl-13">
         <path>.\</path>
         <kind>object</kind>
         <file>ref_a.obj</file>
         <name>ref_a.obj</name>
      </input_file>
      <input_file id="fl-14">
         <path>.\</path>
         <kind>object</kind>
         <file>reset.obj</file>
         <name>reset.obj</name>
      </input_file>
      <input_file id="fl-15">
         <path>.\</path>
         <kind>object</kind>
         <file>rtc_c.obj</file>
         <name>rtc_c.obj</name>
      </input_file>
      <input_file id="fl-16">
         <path>.\</path>
         <kind>object</kind>
         <file>spi.obj</file>
         <name>spi.obj</name>
      </input_file>
      <input_file id="fl-17">
         <path>.\</path>
         <kind>object</kind>
         <file>startup_msp432p401r_ccs.obj</file>
         <name>startup_msp432p401r_ccs.obj</name>
      </input_file>
      <input_file id="fl-18">
         <path>.\</path>
         <kind>object</kind>
         <file>sysctl.obj</file>
         <name>sysctl.obj</name>
      </input_file>
      <input_file id="fl-19">
         <path>.\</path>
         <kind>object</kind>
         <file>system_msp432p401r.obj</file>
         <name>system_msp432p401r.obj</name>
      </input_file>
      <input_file id="fl-1a">
         <path>.\</path>
         <kind>object</kind>
         <file>wdt_a.obj</file>
         <name>wdt_a.obj</name>
      </input_file>
      <input_file id="fl-1e">
         <kind>object</kind>
         <file>&lt;internal&gt;</file>
         <name>&lt;internal&gt;</name>
      </input_file>
      <input_file id="fl-d4">
         <path>C:\Users\kwat1\Documents\ccsv7\tools\compiler\ti-cgt-arm_16.9.6.LTS\lib\</path>
         <kind>archive</kind>
         <file>rtsv7M4_T_le_v4SPD16_eabi.lib</file>
         <name>boot.obj</name>
      </input_file>
      <input_file id="fl-d5">
         <path>C:\Users\kwat1\Documents\ccsv7\tools\compiler\ti-cgt-arm_16.9.6.LTS\lib\</path>
         <kind>archive</kind>
         <file>rtsv7M4_T_le_v4SPD16_eabi.lib</file>
         <name>copy_decompress_lzss.obj</name>
      </input_file>
      <input_file id="fl-d6">
         <path>C:\Users\kwat1\Documents\ccsv7\tools\compiler\ti-cgt-arm_16.9.6.LTS\lib\</path>
         <kind>archive</kind>
         <file>rtsv7M4_T_le_v4SPD16_eabi.lib</file>
         <name>copy_decompress_none.obj</name>
      </input_file>
      <input_file id="fl-d7">
         <path>C:\Users\kwat1\Documents\ccsv7\tools\compiler\ti-cgt-arm_16.9.6.LTS\lib\</path>
         <kind>archive</kind>
         <file>rtsv7M4_T_le_v4SPD16_eabi.lib</file>
         <name>copy_zero_init.obj</name>
      </input_file>
      <input_file id="fl-d8">
         <path>C:\Users\kwat1\Documents\ccsv7\tools\compiler\ti-cgt-arm_16.9.6.LTS\lib\</path>
         <kind>archive</kind>
         <file>rtsv7M4_T_le_v4SPD16_eabi.lib</file>
         <name>exit.obj</name>
      </input_file>
      <input_file id="fl-d9">
         <path>C:\Users\kwat1\Documents\ccsv7\tools\compiler\ti-cgt-arm_16.9.6.LTS\lib\</path>
         <kind>archive</kind>
         <file>rtsv7M4_T_le_v4SPD16_eabi.lib</file>
         <name>memcpy_t2.obj</name>
      </input_file>
      <input_file id="fl-da">
         <path>C:\Users\kwat1\Documents\ccsv7\tools\compiler\ti-cgt-arm_16.9.6.LTS\lib\</path>
         <kind>archive</kind>
         <file>rtsv7M4_T_le_v4SPD16_eabi.lib</file>
         <name>memset_t2.obj</name>
      </input_file>
      <input_file id="fl-db">
         <path>C:\Users\kwat1\Documents\ccsv7\tools\compiler\ti-cgt-arm_16.9.6.LTS\lib\</path>
         <kind>archive</kind>
         <file>rtsv7M4_T_le_v4SPD16_eabi.lib</file>
         <name>mpu_init.obj</name>
      </input_file>
      <input_file id="fl-dc">
         <path>C:\Users\kwat1\Documents\ccsv7\tools\compiler\ti-cgt-arm_16.9.6.LTS\lib\</path>
         <kind>archive</kind>
         <file>rtsv7M4_T_le_v4SPD16_eabi.lib</file>
         <name>pre_init.obj</name>
      </input_file>
      <input_file id="fl-dd">
         <path>C:\Users\kwat1\Documents\ccsv7\tools\compiler\ti-cgt-arm_16.9.6.LTS\lib\</path>
         <kind>archive</kind>
         <file>rtsv7M4_T_le_v4SPD16_eabi.lib</file>
         <name>stkdepth_vars.obj</name>
      </input_file>
      <input_file id="fl-de">
         <path>C:\Users\kwat1\Documents\ccsv7\tools\compiler\ti-cgt-arm_16.9.6.LTS\lib\</path>
         <kind>archive</kind>
         <file>rtsv7M4_T_le_v4SPD16_eabi.lib</file>
         <name>_lock.obj</name>
      </input_file>
      <input_file id="fl-df">
         <path>C:\Users\kwat1\Documents\ccsv7\tools\compiler\ti-cgt-arm_16.9.6.LTS\lib\</path>
         <kind>archive</kind>
         <file>rtsv7M4_T_le_v4SPD16_eabi.lib</file>
         <name>args_main.obj</name>
      </input_file>
      <input_file id="fl-e0">
         <path>C:\Users\kwat1\Documents\ccsv7\tools\compiler\ti-cgt-arm_16.9.6.LTS\lib\</path>
         <kind>archive</kind>
         <file>rtsv7M4_T_le_v4SPD16_eabi.lib</file>
         <name>autoinit.obj</name>
      </input_file>
      <input_file id="fl-e1">
         <path>C:\Users\kwat1\Documents\ccsv7\tools\compiler\ti-cgt-arm_16.9.6.LTS\lib\</path>
         <kind>archive</kind>
         <file>rtsv7M4_T_le_v4SPD16_eabi.lib</file>
         <name>cpy_tbl.obj</name>
      </input_file>
      <input_file id="fl-e2">
         <path>C:\Users\kwat1\Documents\ccsv7\tools\compiler\ti-cgt-arm_16.9.6.LTS\lib\</path>
         <kind>archive</kind>
         <file>rtsv7M4_T_le_v4SPD16_eabi.lib</file>
         <name>startup.obj</name>
      </input_file>
   </input_file_list>
   <object_component_list>
      <object_component id="oc-2c">
         <name>.intvecs:retain</name>
         <load_address>0x0</load_address>
         <run_address>0x0</run_address>
         <size>0xe4</size>
         <input_file_ref idref="fl-17"/>
      </object_component>
      <object_component id="oc-125">
         <name>.text</name>
         <load_address>0xe4</load_address>
         <run_address>0xe4</run_address>
         <size>0x8a4</size>
         <input_file_ref idref="fl-16"/>
      </object_component>
      <object_component id="oc-108">
         <name>.text</name>
         <load_address>0x988</load_address>
         <run_address>0x988</run_address>
         <size>0x480</size>
         <input_file_ref idref="fl-c"/>
      </object_component>
      <object_component id="oc-d1">
         <name>.text</name>
         <load_address>0xe08</load_address>
         <run_address>0xe08</run_address>
         <size>0x438</size>
         <input_file_ref idref="fl-9"/>
      </object_component>
      <object_component id="oc-137">
         <name>.text</name>
         <load_address>0x1240</load_address>
         <run_address>0x1240</run_address>
         <size>0x3f0</size>
         <input_file_ref idref="fl-d"/>
      </object_component>
      <object_component id="oc-b7">
         <name>.text</name>
         <load_address>0x1630</load_address>
         <run_address>0x1630</run_address>
         <size>0x334</size>
         <input_file_ref idref="fl-19"/>
      </object_component>
      <object_component id="oc-102">
         <name>.text</name>
         <load_address>0x1964</load_address>
         <run_address>0x1964</run_address>
         <size>0xd4</size>
         <input_file_ref idref="fl-2"/>
      </object_component>
      <object_component id="oc-3b">
         <name>.text</name>
         <load_address>0x1a38</load_address>
         <run_address>0x1a38</run_address>
         <size>0x9c</size>
         <input_file_ref idref="fl-d9"/>
      </object_component>
      <object_component id="oc-47">
         <name>.text</name>
         <load_address>0x1ad4</load_address>
         <run_address>0x1ad4</run_address>
         <size>0x7a</size>
         <input_file_ref idref="fl-da"/>
      </object_component>
      <object_component id="oc-53">
         <name>.text</name>
         <load_address>0x1b4e</load_address>
         <run_address>0x1b4e</run_address>
         <size>0x2</size>
         <input_file_ref idref="fl-db"/>
      </object_component>
      <object_component id="oc-5f">
         <name>.text</name>
         <load_address>0x1b50</load_address>
         <run_address>0x1b50</run_address>
         <size>0x70</size>
         <input_file_ref idref="fl-e0"/>
      </object_component>
      <object_component id="oc-14">
         <name>.text:decompress:lzss</name>
         <load_address>0x1bc0</load_address>
         <run_address>0x1bc0</run_address>
         <size>0x68</size>
         <input_file_ref idref="fl-d5"/>
      </object_component>
      <object_component id="oc-a4">
         <name>.text</name>
         <load_address>0x1c28</load_address>
         <run_address>0x1c28</run_address>
         <size>0x68</size>
         <input_file_ref idref="fl-e"/>
      </object_component>
      <object_component id="oc-26">
         <name>.text</name>
         <load_address>0x1c90</load_address>
         <run_address>0x1c90</run_address>
         <size>0x54</size>
         <input_file_ref idref="fl-d4"/>
      </object_component>
      <object_component id="oc-6b">
         <name>.text</name>
         <load_address>0x1ce4</load_address>
         <run_address>0x1ce4</run_address>
         <size>0x54</size>
         <input_file_ref idref="fl-d8"/>
      </object_component>
      <object_component id="oc-96">
         <name>.text</name>
         <load_address>0x1d38</load_address>
         <run_address>0x1d38</run_address>
         <size>0x4c</size>
         <input_file_ref idref="fl-e1"/>
      </object_component>
      <object_component id="oc-160">
         <name>.text</name>
         <load_address>0x1d84</load_address>
         <run_address>0x1d84</run_address>
         <size>0x3e</size>
         <input_file_ref idref="fl-5"/>
      </object_component>
      <object_component id="oc-9c">
         <name>.text</name>
         <load_address>0x1dc2</load_address>
         <run_address>0x1dc2</run_address>
         <size>0x2</size>
         <input_file_ref idref="fl-e2"/>
      </object_component>
      <object_component id="oc-65">
         <name>.text</name>
         <load_address>0x1dc4</load_address>
         <run_address>0x1dc4</run_address>
         <size>0x18</size>
         <input_file_ref idref="fl-df"/>
      </object_component>
      <object_component id="oc-e6">
         <name>.text</name>
         <load_address>0x1ddc</load_address>
         <run_address>0x1ddc</run_address>
         <size>0x14</size>
         <input_file_ref idref="fl-de"/>
      </object_component>
      <object_component id="oc-1a">
         <name>.text:decompress:none</name>
         <load_address>0x1df0</load_address>
         <run_address>0x1df0</run_address>
         <size>0xe</size>
         <input_file_ref idref="fl-d6"/>
      </object_component>
      <object_component id="oc-75">
         <name>.text</name>
         <load_address>0x1dfe</load_address>
         <run_address>0x1dfe</run_address>
         <size>0xe</size>
         <input_file_ref idref="fl-17"/>
      </object_component>
      <object_component id="oc-20">
         <name>.text:decompress:ZI</name>
         <load_address>0x1e0c</load_address>
         <run_address>0x1e0c</run_address>
         <size>0xc</size>
         <input_file_ref idref="fl-d7"/>
      </object_component>
      <object_component id="oc-59">
         <name>.text</name>
         <load_address>0x1e18</load_address>
         <run_address>0x1e18</run_address>
         <size>0x4</size>
         <input_file_ref idref="fl-dc"/>
      </object_component>
      <object_component id="oc-16c">
         <name>.const:g_pulRegs</name>
         <load_address>0x1e1c</load_address>
         <run_address>0x1e1c</run_address>
         <size>0x50</size>
         <input_file_ref idref="fl-d"/>
      </object_component>
      <object_component id="oc-169">
         <name>.const:g_pulPriority</name>
         <load_address>0x1e6c</load_address>
         <run_address>0x1e6c</run_address>
         <size>0x20</size>
         <input_file_ref idref="fl-d"/>
      </object_component>
      <object_component id="oc-117">
         <name>.const:.string:lut_full_update</name>
         <load_address>0x1e8c</load_address>
         <run_address>0x1e8c</run_address>
         <size>0x1e</size>
         <input_file_ref idref="fl-9"/>
      </object_component>
      <object_component id="oc-114">
         <name>.const:.string:lut_partial_update</name>
         <load_address>0x1eaa</load_address>
         <run_address>0x1eaa</run_address>
         <size>0x1e</size>
         <input_file_ref idref="fl-9"/>
      </object_component>
      <object_component id="oc-12b">
         <name>.const:$P$T0$1</name>
         <load_address>0x1ec8</load_address>
         <run_address>0x1ec8</run_address>
         <size>0x1c</size>
         <input_file_ref idref="fl-2"/>
      </object_component>
      <object_component id="oc-13d">
         <name>.const:GPIO_PORT_TO_INT</name>
         <load_address>0x1ee4</load_address>
         <run_address>0x1ee4</run_address>
         <size>0x1c</size>
         <input_file_ref idref="fl-c"/>
      </object_component>
      <object_component id="oc-172">
         <name>.const:g_pulDisRegs</name>
         <load_address>0x1f00</load_address>
         <run_address>0x1f00</run_address>
         <size>0x8</size>
         <input_file_ref idref="fl-d"/>
      </object_component>
      <object_component id="oc-16f">
         <name>.const:g_pulEnRegs</name>
         <load_address>0x1f08</load_address>
         <run_address>0x1f08</run_address>
         <size>0x8</size>
         <input_file_ref idref="fl-d"/>
      </object_component>
      <object_component id="oc-175">
         <name>.const:g_pulPendRegs</name>
         <load_address>0x1f10</load_address>
         <run_address>0x1f10</run_address>
         <size>0x8</size>
         <input_file_ref idref="fl-d"/>
      </object_component>
      <object_component id="oc-178">
         <name>.const:g_pulUnpendRegs</name>
         <load_address>0x1f18</load_address>
         <run_address>0x1f18</run_address>
         <size>0x8</size>
         <input_file_ref idref="fl-d"/>
      </object_component>
      <object_component id="oc-1c6">
         <name>.cinit..data.load</name>
         <load_address>0x1f20</load_address>
         <run_address>0x1f20</run_address>
         <size>0x3d</size>
      </object_component>
      <object_component id="oc-1c3">
         <name>__TI_handler_table</name>
         <load_address>0x1f60</load_address>
         <run_address>0x1f60</run_address>
         <size>0xc</size>
      </object_component>
      <object_component id="oc-1c7">
         <name>.cinit..bss.load</name>
         <load_address>0x1f70</load_address>
         <run_address>0x1f70</run_address>
         <size>0x8</size>
      </object_component>
      <object_component id="oc-1c5">
         <name>.cinit..vtable.load</name>
         <load_address>0x1f78</load_address>
         <run_address>0x1f78</run_address>
         <size>0x8</size>
      </object_component>
      <object_component id="oc-1c4">
         <name>__TI_cinit_table</name>
         <load_address>0x1f80</load_address>
         <run_address>0x1f80</run_address>
         <size>0x18</size>
      </object_component>
      <object_component id="oc-1a0">
         <name>.binit</name>
         <load_address>0x0</load_address>
         <run_address>0x0</run_address>
         <size>0x0</size>
      </object_component>
      <object_component id="oc-166">
         <name>.vtable</name>
         <uninitialized>true</uninitialized>
         <run_address>0x20000000</run_address>
         <size>0xe4</size>
         <input_file_ref idref="fl-d"/>
      </object_component>
      <object_component id="oc-134">
         <name>.data:GPIO_PORT_TO_BASE</name>
         <load_address>0x200000e4</load_address>
         <run_address>0x200000e4</run_address>
         <size>0x30</size>
         <input_file_ref idref="fl-c"/>
      </object_component>
      <object_component id="oc-f2">
         <name>.data</name>
         <load_address>0x2000012c</load_address>
         <run_address>0x2000012c</run_address>
         <size>0x4</size>
         <input_file_ref idref="fl-19"/>
      </object_component>
      <object_component id="oc-ac">
         <name>.data:$O1$$</name>
         <load_address>0x20000114</load_address>
         <run_address>0x20000114</run_address>
         <size>0xc</size>
         <input_file_ref idref="fl-d8"/>
      </object_component>
      <object_component id="oc-71">
         <name>.data</name>
         <load_address>0x20000128</load_address>
         <run_address>0x20000128</run_address>
         <size>0x4</size>
         <input_file_ref idref="fl-dd"/>
      </object_component>
      <object_component id="oc-af">
         <name>.data:$O1$$</name>
         <load_address>0x20000120</load_address>
         <run_address>0x20000120</run_address>
         <size>0x8</size>
         <input_file_ref idref="fl-de"/>
      </object_component>
      <object_component id="oc-10e">
         <name>.common:Lcd_ScreenWidth</name>
         <uninitialized>true</uninitialized>
         <run_address>0x20000132</run_address>
         <size>0x2</size>
      </object_component>
      <object_component id="oc-113">
         <name>.common:Lcd_ScreenHeigth</name>
         <uninitialized>true</uninitialized>
         <run_address>0x20000130</run_address>
         <size>0x2</size>
      </object_component>
      <object_component id="oc-2f">
         <name>.stack</name>
         <uninitialized>true</uninitialized>
         <run_address>0x2000fe00</run_address>
         <size>0x0</size>
         <input_file_ref idref="fl-d4"/>
      </object_component>
      <object_component id="oc-1c8">
         <name>.stack</name>
         <uninitialized>true</uninitialized>
         <run_address>0x2000fe00</run_address>
         <size>0x0</size>
      </object_component>
      <object_component id="oc-15d">
         <name>.debug_info</name>
         <load_address>0x0</load_address>
         <run_address>0x0</run_address>
         <size>0x866</size>
         <input_file_ref idref="fl-2"/>
      </object_component>
      <object_component id="oc-12c">
         <name>.debug_info</name>
         <load_address>0x866</load_address>
         <run_address>0x866</run_address>
         <size>0xce</size>
         <input_file_ref idref="fl-2"/>
      </object_component>
      <object_component id="oc-103">
         <name>.debug_info</name>
         <load_address>0x934</load_address>
         <run_address>0x934</run_address>
         <size>0x4f4</size>
         <input_file_ref idref="fl-2"/>
      </object_component>
      <object_component id="oc-149">
         <name>.debug_info</name>
         <load_address>0xe28</load_address>
         <run_address>0xe28</run_address>
         <size>0x1055</size>
         <input_file_ref idref="fl-2"/>
      </object_component>
      <object_component id="oc-186">
         <name>.debug_info</name>
         <load_address>0x1e7d</load_address>
         <run_address>0x1e7d</run_address>
         <size>0x37e2</size>
         <input_file_ref idref="fl-2"/>
      </object_component>
      <object_component id="oc-14e">
         <name>.debug_info</name>
         <load_address>0x565f</load_address>
         <run_address>0x565f</run_address>
         <size>0x40a</size>
         <input_file_ref idref="fl-2"/>
      </object_component>
      <object_component id="oc-11b">
         <name>.debug_info</name>
         <load_address>0x5a69</load_address>
         <run_address>0x5a69</run_address>
         <size>0x8b</size>
         <input_file_ref idref="fl-2"/>
      </object_component>
      <object_component id="oc-d8">
         <name>.debug_info</name>
         <load_address>0x5af4</load_address>
         <run_address>0x5af4</run_address>
         <size>0x18b</size>
         <input_file_ref idref="fl-2"/>
      </object_component>
      <object_component id="oc-12f">
         <name>.debug_info</name>
         <load_address>0x5c7f</load_address>
         <run_address>0x5c7f</run_address>
         <size>0x131</size>
         <input_file_ref idref="fl-2"/>
      </object_component>
      <object_component id="oc-181">
         <name>.debug_info</name>
         <load_address>0x5db0</load_address>
         <run_address>0x5db0</run_address>
         <size>0x63d</size>
         <input_file_ref idref="fl-3"/>
      </object_component>
      <object_component id="oc-144">
         <name>.debug_info</name>
         <load_address>0x63ed</load_address>
         <run_address>0x63ed</run_address>
         <size>0x37e2</size>
         <input_file_ref idref="fl-3"/>
      </object_component>
      <object_component id="oc-162">
         <name>.debug_info</name>
         <load_address>0x9bcf</load_address>
         <run_address>0x9bcf</run_address>
         <size>0x299</size>
         <input_file_ref idref="fl-5"/>
      </object_component>
      <object_component id="oc-36">
         <name>.debug_info</name>
         <load_address>0x9e68</load_address>
         <run_address>0x9e68</run_address>
         <size>0x84</size>
         <input_file_ref idref="fl-5"/>
      </object_component>
      <object_component id="oc-10f">
         <name>.debug_info</name>
         <load_address>0x9eec</load_address>
         <run_address>0x9eec</run_address>
         <size>0x869</size>
         <input_file_ref idref="fl-9"/>
      </object_component>
      <object_component id="oc-118">
         <name>.debug_info</name>
         <load_address>0xa755</load_address>
         <run_address>0xa755</run_address>
         <size>0xd6</size>
         <input_file_ref idref="fl-9"/>
      </object_component>
      <object_component id="oc-115">
         <name>.debug_info</name>
         <load_address>0xa82b</load_address>
         <run_address>0xa82b</run_address>
         <size>0xdc</size>
         <input_file_ref idref="fl-9"/>
      </object_component>
      <object_component id="oc-d3">
         <name>.debug_info</name>
         <load_address>0xa907</load_address>
         <run_address>0xa907</run_address>
         <size>0xd20</size>
         <input_file_ref idref="fl-9"/>
      </object_component>
      <object_component id="oc-141">
         <name>.debug_info</name>
         <load_address>0xb627</load_address>
         <run_address>0xb627</run_address>
         <size>0x64b</size>
         <input_file_ref idref="fl-c"/>
      </object_component>
      <object_component id="oc-13e">
         <name>.debug_info</name>
         <load_address>0xbc72</load_address>
         <run_address>0xbc72</run_address>
         <size>0xc7</size>
         <input_file_ref idref="fl-c"/>
      </object_component>
      <object_component id="oc-135">
         <name>.debug_info</name>
         <load_address>0xbd39</load_address>
         <run_address>0xbd39</run_address>
         <size>0xc9</size>
         <input_file_ref idref="fl-c"/>
      </object_component>
      <object_component id="oc-109">
         <name>.debug_info</name>
         <load_address>0xbe02</load_address>
         <run_address>0xbe02</run_address>
         <size>0x1682</size>
         <input_file_ref idref="fl-c"/>
      </object_component>
      <object_component id="oc-17c">
         <name>.debug_info</name>
         <load_address>0xd484</load_address>
         <run_address>0xd484</run_address>
         <size>0x5d9</size>
         <input_file_ref idref="fl-d"/>
      </object_component>
      <object_component id="oc-16a">
         <name>.debug_info</name>
         <load_address>0xda5d</load_address>
         <run_address>0xda5d</run_address>
         <size>0xc6</size>
         <input_file_ref idref="fl-d"/>
      </object_component>
      <object_component id="oc-16d">
         <name>.debug_info</name>
         <load_address>0xdb23</load_address>
         <run_address>0xdb23</run_address>
         <size>0xbe</size>
         <input_file_ref idref="fl-d"/>
      </object_component>
      <object_component id="oc-170">
         <name>.debug_info</name>
         <load_address>0xdbe1</load_address>
         <run_address>0xdbe1</run_address>
         <size>0xc2</size>
         <input_file_ref idref="fl-d"/>
      </object_component>
      <object_component id="oc-173">
         <name>.debug_info</name>
         <load_address>0xdca3</load_address>
         <run_address>0xdca3</run_address>
         <size>0xc4</size>
         <input_file_ref idref="fl-d"/>
      </object_component>
      <object_component id="oc-176">
         <name>.debug_info</name>
         <load_address>0xdd67</load_address>
         <run_address>0xdd67</run_address>
         <size>0xc6</size>
         <input_file_ref idref="fl-d"/>
      </object_component>
      <object_component id="oc-179">
         <name>.debug_info</name>
         <load_address>0xde2d</load_address>
         <run_address>0xde2d</run_address>
         <size>0xca</size>
         <input_file_ref idref="fl-d"/>
      </object_component>
      <object_component id="oc-167">
         <name>.debug_info</name>
         <load_address>0xdef7</load_address>
         <run_address>0xdef7</run_address>
         <size>0xcb</size>
         <input_file_ref idref="fl-d"/>
      </object_component>
      <object_component id="oc-138">
         <name>.debug_info</name>
         <load_address>0xdfc2</load_address>
         <run_address>0xdfc2</run_address>
         <size>0xe26</size>
         <input_file_ref idref="fl-d"/>
      </object_component>
      <object_component id="oc-111">
         <name>.debug_info</name>
         <load_address>0xede8</load_address>
         <run_address>0xede8</run_address>
         <size>0x799</size>
         <input_file_ref idref="fl-e"/>
      </object_component>
      <object_component id="oc-a5">
         <name>.debug_info</name>
         <load_address>0xf581</load_address>
         <run_address>0xf581</run_address>
         <size>0x18f</size>
         <input_file_ref idref="fl-e"/>
      </object_component>
      <object_component id="oc-15a">
         <name>.debug_info</name>
         <load_address>0xf710</load_address>
         <run_address>0xf710</run_address>
         <size>0x63f</size>
         <input_file_ref idref="fl-16"/>
      </object_component>
      <object_component id="oc-127">
         <name>.debug_info</name>
         <load_address>0xfd4f</load_address>
         <run_address>0xfd4f</run_address>
         <size>0x3502</size>
         <input_file_ref idref="fl-16"/>
      </object_component>
      <object_component id="oc-7d">
         <name>.debug_info</name>
         <load_address>0x13251</load_address>
         <run_address>0x13251</run_address>
         <size>0x29d</size>
         <input_file_ref idref="fl-17"/>
      </object_component>
      <object_component id="oc-2d">
         <name>.debug_info</name>
         <load_address>0x134ee</load_address>
         <run_address>0x134ee</run_address>
         <size>0xdb</size>
         <input_file_ref idref="fl-17"/>
      </object_component>
      <object_component id="oc-76">
         <name>.debug_info</name>
         <load_address>0x135c9</load_address>
         <run_address>0x135c9</run_address>
         <size>0x1a2</size>
         <input_file_ref idref="fl-17"/>
      </object_component>
      <object_component id="oc-f3">
         <name>.debug_info</name>
         <load_address>0x1376b</load_address>
         <run_address>0x1376b</run_address>
         <size>0xd4</size>
         <input_file_ref idref="fl-19"/>
      </object_component>
      <object_component id="oc-b8">
         <name>.debug_info</name>
         <load_address>0x1383f</load_address>
         <run_address>0x1383f</run_address>
         <size>0x246</size>
         <input_file_ref idref="fl-19"/>
      </object_component>
      <object_component id="oc-27">
         <name>.debug_info</name>
         <load_address>0x13a85</load_address>
         <run_address>0x13a85</run_address>
         <size>0x160</size>
         <input_file_ref idref="fl-d4"/>
      </object_component>
      <object_component id="oc-83">
         <name>.debug_info</name>
         <load_address>0x13be5</load_address>
         <run_address>0x13be5</run_address>
         <size>0x293</size>
         <input_file_ref idref="fl-d5"/>
      </object_component>
      <object_component id="oc-17">
         <name>.debug_info</name>
         <load_address>0x13e78</load_address>
         <run_address>0x13e78</run_address>
         <size>0x245</size>
         <input_file_ref idref="fl-d5"/>
      </object_component>
      <object_component id="oc-31">
         <name>.debug_info</name>
         <load_address>0x140bd</load_address>
         <run_address>0x140bd</run_address>
         <size>0x60</size>
         <input_file_ref idref="fl-d5"/>
      </object_component>
      <object_component id="oc-7e">
         <name>.debug_info</name>
         <load_address>0x1411d</load_address>
         <run_address>0x1411d</run_address>
         <size>0x46</size>
         <input_file_ref idref="fl-d5"/>
      </object_component>
      <object_component id="oc-46">
         <name>.debug_info</name>
         <load_address>0x14163</load_address>
         <run_address>0x14163</run_address>
         <size>0x2da</size>
         <input_file_ref idref="fl-d6"/>
      </object_component>
      <object_component id="oc-1b">
         <name>.debug_info</name>
         <load_address>0x1443d</load_address>
         <run_address>0x1443d</run_address>
         <size>0x1df</size>
         <input_file_ref idref="fl-d6"/>
      </object_component>
      <object_component id="oc-41">
         <name>.debug_info</name>
         <load_address>0x1461c</load_address>
         <run_address>0x1461c</run_address>
         <size>0x46</size>
         <input_file_ref idref="fl-d6"/>
      </object_component>
      <object_component id="oc-85">
         <name>.debug_info</name>
         <load_address>0x14662</load_address>
         <run_address>0x14662</run_address>
         <size>0x2c</size>
         <input_file_ref idref="fl-d6"/>
      </object_component>
      <object_component id="oc-52">
         <name>.debug_info</name>
         <load_address>0x1468e</load_address>
         <run_address>0x1468e</run_address>
         <size>0x2c9</size>
         <input_file_ref idref="fl-d7"/>
      </object_component>
      <object_component id="oc-21">
         <name>.debug_info</name>
         <load_address>0x14957</load_address>
         <run_address>0x14957</run_address>
         <size>0x1aa</size>
         <input_file_ref idref="fl-d7"/>
      </object_component>
      <object_component id="oc-4d">
         <name>.debug_info</name>
         <load_address>0x14b01</load_address>
         <run_address>0x14b01</run_address>
         <size>0x46</size>
         <input_file_ref idref="fl-d7"/>
      </object_component>
      <object_component id="oc-8d">
         <name>.debug_info</name>
         <load_address>0x14b47</load_address>
         <run_address>0x14b47</run_address>
         <size>0x2c</size>
         <input_file_ref idref="fl-d7"/>
      </object_component>
      <object_component id="oc-b3">
         <name>.debug_info</name>
         <load_address>0x14b73</load_address>
         <run_address>0x14b73</run_address>
         <size>0x3ce</size>
         <input_file_ref idref="fl-d8"/>
      </object_component>
      <object_component id="oc-ad">
         <name>.debug_info</name>
         <load_address>0x14f41</load_address>
         <run_address>0x14f41</run_address>
         <size>0x185</size>
         <input_file_ref idref="fl-d8"/>
      </object_component>
      <object_component id="oc-6c">
         <name>.debug_info</name>
         <load_address>0x150c6</load_address>
         <run_address>0x150c6</run_address>
         <size>0x214</size>
         <input_file_ref idref="fl-d8"/>
      </object_component>
      <object_component id="oc-3c">
         <name>.debug_info</name>
         <load_address>0x152da</load_address>
         <run_address>0x152da</run_address>
         <size>0x111</size>
         <input_file_ref idref="fl-d9"/>
      </object_component>
      <object_component id="oc-4a">
         <name>.debug_info</name>
         <load_address>0x153eb</load_address>
         <run_address>0x153eb</run_address>
         <size>0x13f</size>
         <input_file_ref idref="fl-da"/>
      </object_component>
      <object_component id="oc-54">
         <name>.debug_info</name>
         <load_address>0x1552a</load_address>
         <run_address>0x1552a</run_address>
         <size>0x138</size>
         <input_file_ref idref="fl-db"/>
      </object_component>
      <object_component id="oc-5a">
         <name>.debug_info</name>
         <load_address>0x15662</load_address>
         <run_address>0x15662</run_address>
         <size>0x148</size>
         <input_file_ref idref="fl-dc"/>
      </object_component>
      <object_component id="oc-72">
         <name>.debug_info</name>
         <load_address>0x157aa</load_address>
         <run_address>0x157aa</run_address>
         <size>0x109</size>
         <input_file_ref idref="fl-dd"/>
      </object_component>
      <object_component id="oc-ee">
         <name>.debug_info</name>
         <load_address>0x158b3</load_address>
         <run_address>0x158b3</run_address>
         <size>0x2be</size>
         <input_file_ref idref="fl-de"/>
      </object_component>
      <object_component id="oc-b0">
         <name>.debug_info</name>
         <load_address>0x15b71</load_address>
         <run_address>0x15b71</run_address>
         <size>0x113</size>
         <input_file_ref idref="fl-de"/>
      </object_component>
      <object_component id="oc-e7">
         <name>.debug_info</name>
         <load_address>0x15c84</load_address>
         <run_address>0x15c84</run_address>
         <size>0x21f</size>
         <input_file_ref idref="fl-de"/>
      </object_component>
      <object_component id="oc-ab">
         <name>.debug_info</name>
         <load_address>0x15ea3</load_address>
         <run_address>0x15ea3</run_address>
         <size>0x300</size>
         <input_file_ref idref="fl-df"/>
      </object_component>
      <object_component id="oc-67">
         <name>.debug_info</name>
         <load_address>0x161a3</load_address>
         <run_address>0x161a3</run_address>
         <size>0x167</size>
         <input_file_ref idref="fl-df"/>
      </object_component>
      <object_component id="oc-df">
         <name>.debug_info</name>
         <load_address>0x1630a</load_address>
         <run_address>0x1630a</run_address>
         <size>0x5e</size>
         <input_file_ref idref="fl-df"/>
      </object_component>
      <object_component id="oc-a3">
         <name>.debug_info</name>
         <load_address>0x16368</load_address>
         <run_address>0x16368</run_address>
         <size>0x483</size>
         <input_file_ref idref="fl-e0"/>
      </object_component>
      <object_component id="oc-62">
         <name>.debug_info</name>
         <load_address>0x167eb</load_address>
         <run_address>0x167eb</run_address>
         <size>0x190</size>
         <input_file_ref idref="fl-e0"/>
      </object_component>
      <object_component id="oc-c7">
         <name>.debug_info</name>
         <load_address>0x1697b</load_address>
         <run_address>0x1697b</run_address>
         <size>0x39</size>
         <input_file_ref idref="fl-e0"/>
      </object_component>
      <object_component id="oc-fd">
         <name>.debug_info</name>
         <load_address>0x169b4</load_address>
         <run_address>0x169b4</run_address>
         <size>0x39</size>
         <input_file_ref idref="fl-e0"/>
      </object_component>
      <object_component id="oc-cc">
         <name>.debug_info</name>
         <load_address>0x169ed</load_address>
         <run_address>0x169ed</run_address>
         <size>0xcd</size>
         <input_file_ref idref="fl-e0"/>
      </object_component>
      <object_component id="oc-c3">
         <name>.debug_info</name>
         <load_address>0x16aba</load_address>
         <run_address>0x16aba</run_address>
         <size>0x37a</size>
         <input_file_ref idref="fl-e1"/>
      </object_component>
      <object_component id="oc-98">
         <name>.debug_info</name>
         <load_address>0x16e34</load_address>
         <run_address>0x16e34</run_address>
         <size>0x183</size>
         <input_file_ref idref="fl-e1"/>
      </object_component>
      <object_component id="oc-f8">
         <name>.debug_info</name>
         <load_address>0x16fb7</load_address>
         <run_address>0x16fb7</run_address>
         <size>0x2c</size>
         <input_file_ref idref="fl-e1"/>
      </object_component>
      <object_component id="oc-9d">
         <name>.debug_info</name>
         <load_address>0x16fe3</load_address>
         <run_address>0x16fe3</run_address>
         <size>0x145</size>
         <input_file_ref idref="fl-e2"/>
      </object_component>
      <object_component id="oc-1c9">
         <name>.debug_info</name>
         <load_address>0x17128</load_address>
         <run_address>0x17128</run_address>
         <size>0x8a</size>
      </object_component>
      <object_component id="oc-185">
         <name>.debug_line</name>
         <load_address>0x0</load_address>
         <run_address>0x0</run_address>
         <size>0x5f</size>
         <input_file_ref idref="fl-2"/>
      </object_component>
      <object_component id="oc-15c">
         <name>.debug_line</name>
         <load_address>0x5f</load_address>
         <run_address>0x5f</run_address>
         <size>0x46</size>
         <input_file_ref idref="fl-2"/>
      </object_component>
      <object_component id="oc-106">
         <name>.debug_line</name>
         <load_address>0xa5</load_address>
         <run_address>0xa5</run_address>
         <size>0xbc</size>
         <input_file_ref idref="fl-2"/>
      </object_component>
      <object_component id="oc-14c">
         <name>.debug_line</name>
         <load_address>0x161</load_address>
         <run_address>0x161</run_address>
         <size>0x68</size>
         <input_file_ref idref="fl-2"/>
      </object_component>
      <object_component id="oc-189">
         <name>.debug_line</name>
         <load_address>0x1c9</load_address>
         <run_address>0x1c9</run_address>
         <size>0x65</size>
         <input_file_ref idref="fl-2"/>
      </object_component>
      <object_component id="oc-151">
         <name>.debug_line</name>
         <load_address>0x22e</load_address>
         <run_address>0x22e</run_address>
         <size>0x42</size>
         <input_file_ref idref="fl-2"/>
      </object_component>
      <object_component id="oc-11e">
         <name>.debug_line</name>
         <load_address>0x270</load_address>
         <run_address>0x270</run_address>
         <size>0x20</size>
         <input_file_ref idref="fl-2"/>
      </object_component>
      <object_component id="oc-db">
         <name>.debug_line</name>
         <load_address>0x290</load_address>
         <run_address>0x290</run_address>
         <size>0x78</size>
         <input_file_ref idref="fl-2"/>
      </object_component>
      <object_component id="oc-132">
         <name>.debug_line</name>
         <load_address>0x308</load_address>
         <run_address>0x308</run_address>
         <size>0x3f</size>
         <input_file_ref idref="fl-2"/>
      </object_component>
      <object_component id="oc-19d">
         <name>.debug_line</name>
         <load_address>0x347</load_address>
         <run_address>0x347</run_address>
         <size>0x47</size>
         <input_file_ref idref="fl-3"/>
      </object_component>
      <object_component id="oc-147">
         <name>.debug_line</name>
         <load_address>0x38e</load_address>
         <run_address>0x38e</run_address>
         <size>0x65</size>
         <input_file_ref idref="fl-3"/>
      </object_component>
      <object_component id="oc-165">
         <name>.debug_line</name>
         <load_address>0x3f3</load_address>
         <run_address>0x3f3</run_address>
         <size>0xcf</size>
         <input_file_ref idref="fl-5"/>
      </object_component>
      <object_component id="oc-39">
         <name>.debug_line</name>
         <load_address>0x4c2</load_address>
         <run_address>0x4c2</run_address>
         <size>0x20</size>
         <input_file_ref idref="fl-5"/>
      </object_component>
      <object_component id="oc-143">
         <name>.debug_line</name>
         <load_address>0x4e2</load_address>
         <run_address>0x4e2</run_address>
         <size>0x74</size>
         <input_file_ref idref="fl-9"/>
      </object_component>
      <object_component id="oc-158">
         <name>.debug_line</name>
         <load_address>0x556</load_address>
         <run_address>0x556</run_address>
         <size>0x3d</size>
         <input_file_ref idref="fl-9"/>
      </object_component>
      <object_component id="oc-156">
         <name>.debug_line</name>
         <load_address>0x593</load_address>
         <run_address>0x593</run_address>
         <size>0x3d</size>
         <input_file_ref idref="fl-9"/>
      </object_component>
      <object_component id="oc-d6">
         <name>.debug_line</name>
         <load_address>0x5d0</load_address>
         <run_address>0x5d0</run_address>
         <size>0x1cd</size>
         <input_file_ref idref="fl-9"/>
      </object_component>
      <object_component id="oc-180">
         <name>.debug_line</name>
         <load_address>0x79d</load_address>
         <run_address>0x79d</run_address>
         <size>0x47</size>
         <input_file_ref idref="fl-c"/>
      </object_component>
      <object_component id="oc-17e">
         <name>.debug_line</name>
         <load_address>0x7e4</load_address>
         <run_address>0x7e4</run_address>
         <size>0x2d</size>
         <input_file_ref idref="fl-c"/>
      </object_component>
      <object_component id="oc-15f">
         <name>.debug_line</name>
         <load_address>0x811</load_address>
         <run_address>0x811</run_address>
         <size>0x2d</size>
         <input_file_ref idref="fl-c"/>
      </object_component>
      <object_component id="oc-10c">
         <name>.debug_line</name>
         <load_address>0x83e</load_address>
         <run_address>0x83e</run_address>
         <size>0x2bc</size>
         <input_file_ref idref="fl-c"/>
      </object_component>
      <object_component id="oc-19b">
         <name>.debug_line</name>
         <load_address>0xafa</load_address>
         <run_address>0xafa</run_address>
         <size>0x41</size>
         <input_file_ref idref="fl-d"/>
      </object_component>
      <object_component id="oc-18f">
         <name>.debug_line</name>
         <load_address>0xb3b</load_address>
         <run_address>0xb3b</run_address>
         <size>0x32</size>
         <input_file_ref idref="fl-d"/>
      </object_component>
      <object_component id="oc-191">
         <name>.debug_line</name>
         <load_address>0xb6d</load_address>
         <run_address>0xb6d</run_address>
         <size>0x32</size>
         <input_file_ref idref="fl-d"/>
      </object_component>
      <object_component id="oc-193">
         <name>.debug_line</name>
         <load_address>0xb9f</load_address>
         <run_address>0xb9f</run_address>
         <size>0x32</size>
         <input_file_ref idref="fl-d"/>
      </object_component>
      <object_component id="oc-195">
         <name>.debug_line</name>
         <load_address>0xbd1</load_address>
         <run_address>0xbd1</run_address>
         <size>0x32</size>
         <input_file_ref idref="fl-d"/>
      </object_component>
      <object_component id="oc-197">
         <name>.debug_line</name>
         <load_address>0xc03</load_address>
         <run_address>0xc03</run_address>
         <size>0x32</size>
         <input_file_ref idref="fl-d"/>
      </object_component>
      <object_component id="oc-199">
         <name>.debug_line</name>
         <load_address>0xc35</load_address>
         <run_address>0xc35</run_address>
         <size>0x32</size>
         <input_file_ref idref="fl-d"/>
      </object_component>
      <object_component id="oc-18d">
         <name>.debug_line</name>
         <load_address>0xc67</load_address>
         <run_address>0xc67</run_address>
         <size>0x32</size>
         <input_file_ref idref="fl-d"/>
      </object_component>
      <object_component id="oc-13b">
         <name>.debug_line</name>
         <load_address>0xc99</load_address>
         <run_address>0xc99</run_address>
         <size>0x334</size>
         <input_file_ref idref="fl-d"/>
      </object_component>
      <object_component id="oc-154">
         <name>.debug_line</name>
         <load_address>0xfcd</load_address>
         <run_address>0xfcd</run_address>
         <size>0x3d</size>
         <input_file_ref idref="fl-e"/>
      </object_component>
      <object_component id="oc-a8">
         <name>.debug_line</name>
         <load_address>0x100a</load_address>
         <run_address>0x100a</run_address>
         <size>0x65</size>
         <input_file_ref idref="fl-e"/>
      </object_component>
      <object_component id="oc-183">
         <name>.debug_line</name>
         <load_address>0x106f</load_address>
         <run_address>0x106f</run_address>
         <size>0x47</size>
         <input_file_ref idref="fl-16"/>
      </object_component>
      <object_component id="oc-126">
         <name>.debug_line</name>
         <load_address>0x10b6</load_address>
         <run_address>0x10b6</run_address>
         <size>0x69d</size>
         <input_file_ref idref="fl-16"/>
      </object_component>
      <object_component id="oc-bf">
         <name>.debug_line</name>
         <load_address>0x1753</load_address>
         <run_address>0x1753</run_address>
         <size>0x40</size>
         <input_file_ref idref="fl-17"/>
      </object_component>
      <object_component id="oc-7c">
         <name>.debug_line</name>
         <load_address>0x1793</load_address>
         <run_address>0x1793</run_address>
         <size>0x40</size>
         <input_file_ref idref="fl-17"/>
      </object_component>
      <object_component id="oc-7a">
         <name>.debug_line</name>
         <load_address>0x17d3</load_address>
         <run_address>0x17d3</run_address>
         <size>0x71</size>
         <input_file_ref idref="fl-17"/>
      </object_component>
      <object_component id="oc-124">
         <name>.debug_line</name>
         <load_address>0x1844</load_address>
         <run_address>0x1844</run_address>
         <size>0x3b</size>
         <input_file_ref idref="fl-19"/>
      </object_component>
      <object_component id="oc-bc">
         <name>.debug_line</name>
         <load_address>0x187f</load_address>
         <run_address>0x187f</run_address>
         <size>0x159</size>
         <input_file_ref idref="fl-19"/>
      </object_component>
      <object_component id="oc-2a">
         <name>.debug_line</name>
         <load_address>0x19d8</load_address>
         <run_address>0x19d8</run_address>
         <size>0x53</size>
         <input_file_ref idref="fl-d4"/>
      </object_component>
      <object_component id="oc-c1">
         <name>.debug_line</name>
         <load_address>0x1a2b</load_address>
         <run_address>0x1a2b</run_address>
         <size>0x20</size>
         <input_file_ref idref="fl-d5"/>
      </object_component>
      <object_component id="oc-16">
         <name>.debug_line</name>
         <load_address>0x1a4b</load_address>
         <run_address>0x1a4b</run_address>
         <size>0xa9</size>
         <input_file_ref idref="fl-d5"/>
      </object_component>
      <object_component id="oc-34">
         <name>.debug_line</name>
         <load_address>0x1af4</load_address>
         <run_address>0x1af4</run_address>
         <size>0x3a</size>
         <input_file_ref idref="fl-d5"/>
      </object_component>
      <object_component id="oc-81">
         <name>.debug_line</name>
         <load_address>0x1b2e</load_address>
         <run_address>0x1b2e</run_address>
         <size>0x8a</size>
         <input_file_ref idref="fl-d5"/>
      </object_component>
      <object_component id="oc-8b">
         <name>.debug_line</name>
         <load_address>0x1bb8</load_address>
         <run_address>0x1bb8</run_address>
         <size>0x8a</size>
         <input_file_ref idref="fl-d6"/>
      </object_component>
      <object_component id="oc-1e">
         <name>.debug_line</name>
         <load_address>0x1c42</load_address>
         <run_address>0x1c42</run_address>
         <size>0x55</size>
         <input_file_ref idref="fl-d6"/>
      </object_component>
      <object_component id="oc-44">
         <name>.debug_line</name>
         <load_address>0x1c97</load_address>
         <run_address>0x1c97</run_address>
         <size>0x3a</size>
         <input_file_ref idref="fl-d6"/>
      </object_component>
      <object_component id="oc-88">
         <name>.debug_line</name>
         <load_address>0x1cd1</load_address>
         <run_address>0x1cd1</run_address>
         <size>0x8a</size>
         <input_file_ref idref="fl-d6"/>
      </object_component>
      <object_component id="oc-93">
         <name>.debug_line</name>
         <load_address>0x1d5b</load_address>
         <run_address>0x1d5b</run_address>
         <size>0x8a</size>
         <input_file_ref idref="fl-d7"/>
      </object_component>
      <object_component id="oc-24">
         <name>.debug_line</name>
         <load_address>0x1de5</load_address>
         <run_address>0x1de5</run_address>
         <size>0x4f</size>
         <input_file_ref idref="fl-d7"/>
      </object_component>
      <object_component id="oc-50">
         <name>.debug_line</name>
         <load_address>0x1e34</load_address>
         <run_address>0x1e34</run_address>
         <size>0x34</size>
         <input_file_ref idref="fl-d7"/>
      </object_component>
      <object_component id="oc-90">
         <name>.debug_line</name>
         <load_address>0x1e68</load_address>
         <run_address>0x1e68</run_address>
         <size>0x8a</size>
         <input_file_ref idref="fl-d7"/>
      </object_component>
      <object_component id="oc-f1">
         <name>.debug_line</name>
         <load_address>0x1ef2</load_address>
         <run_address>0x1ef2</run_address>
         <size>0xf2</size>
         <input_file_ref idref="fl-d8"/>
      </object_component>
      <object_component id="oc-e5">
         <name>.debug_line</name>
         <load_address>0x1fe4</load_address>
         <run_address>0x1fe4</run_address>
         <size>0x2a</size>
         <input_file_ref idref="fl-d8"/>
      </object_component>
      <object_component id="oc-70">
         <name>.debug_line</name>
         <load_address>0x200e</load_address>
         <run_address>0x200e</run_address>
         <size>0x86</size>
         <input_file_ref idref="fl-d8"/>
      </object_component>
      <object_component id="oc-3f">
         <name>.debug_line</name>
         <load_address>0x2094</load_address>
         <run_address>0x2094</run_address>
         <size>0x88</size>
         <input_file_ref idref="fl-d9"/>
      </object_component>
      <object_component id="oc-48">
         <name>.debug_line</name>
         <load_address>0x211c</load_address>
         <run_address>0x211c</run_address>
         <size>0x79</size>
         <input_file_ref idref="fl-da"/>
      </object_component>
      <object_component id="oc-57">
         <name>.debug_line</name>
         <load_address>0x2195</load_address>
         <run_address>0x2195</run_address>
         <size>0x3d</size>
         <input_file_ref idref="fl-db"/>
      </object_component>
      <object_component id="oc-5e">
         <name>.debug_line</name>
         <load_address>0x21d2</load_address>
         <run_address>0x21d2</run_address>
         <size>0x40</size>
         <input_file_ref idref="fl-dc"/>
      </object_component>
      <object_component id="oc-b6">
         <name>.debug_line</name>
         <load_address>0x2212</load_address>
         <run_address>0x2212</run_address>
         <size>0x33</size>
         <input_file_ref idref="fl-dd"/>
      </object_component>
      <object_component id="oc-122">
         <name>.debug_line</name>
         <load_address>0x2245</load_address>
         <run_address>0x2245</run_address>
         <size>0x20</size>
         <input_file_ref idref="fl-de"/>
      </object_component>
      <object_component id="oc-ed">
         <name>.debug_line</name>
         <load_address>0x2265</load_address>
         <run_address>0x2265</run_address>
         <size>0x2b</size>
         <input_file_ref idref="fl-de"/>
      </object_component>
      <object_component id="oc-eb">
         <name>.debug_line</name>
         <load_address>0x2290</load_address>
         <run_address>0x2290</run_address>
         <size>0x68</size>
         <input_file_ref idref="fl-de"/>
      </object_component>
      <object_component id="oc-de">
         <name>.debug_line</name>
         <load_address>0x22f8</load_address>
         <run_address>0x22f8</run_address>
         <size>0x2b</size>
         <input_file_ref idref="fl-df"/>
      </object_component>
      <object_component id="oc-6a">
         <name>.debug_line</name>
         <load_address>0x2323</load_address>
         <run_address>0x2323</run_address>
         <size>0x4a</size>
         <input_file_ref idref="fl-df"/>
      </object_component>
      <object_component id="oc-e2">
         <name>.debug_line</name>
         <load_address>0x236d</load_address>
         <run_address>0x236d</run_address>
         <size>0x2b</size>
         <input_file_ref idref="fl-df"/>
      </object_component>
      <object_component id="oc-c6">
         <name>.debug_line</name>
         <load_address>0x2398</load_address>
         <run_address>0x2398</run_address>
         <size>0xa9</size>
         <input_file_ref idref="fl-e0"/>
      </object_component>
      <object_component id="oc-60">
         <name>.debug_line</name>
         <load_address>0x2441</load_address>
         <run_address>0x2441</run_address>
         <size>0x8b</size>
         <input_file_ref idref="fl-e0"/>
      </object_component>
      <object_component id="oc-ca">
         <name>.debug_line</name>
         <load_address>0x24cc</load_address>
         <run_address>0x24cc</run_address>
         <size>0x2e</size>
         <input_file_ref idref="fl-e0"/>
      </object_component>
      <object_component id="oc-100">
         <name>.debug_line</name>
         <load_address>0x24fa</load_address>
         <run_address>0x24fa</run_address>
         <size>0x8a</size>
         <input_file_ref idref="fl-e0"/>
      </object_component>
      <object_component id="oc-cf">
         <name>.debug_line</name>
         <load_address>0x2584</load_address>
         <run_address>0x2584</run_address>
         <size>0x8b</size>
         <input_file_ref idref="fl-e0"/>
      </object_component>
      <object_component id="oc-f7">
         <name>.debug_line</name>
         <load_address>0x260f</load_address>
         <run_address>0x260f</run_address>
         <size>0x98</size>
         <input_file_ref idref="fl-e1"/>
      </object_component>
      <object_component id="oc-97">
         <name>.debug_line</name>
         <load_address>0x26a7</load_address>
         <run_address>0x26a7</run_address>
         <size>0x68</size>
         <input_file_ref idref="fl-e1"/>
      </object_component>
      <object_component id="oc-fb">
         <name>.debug_line</name>
         <load_address>0x270f</load_address>
         <run_address>0x270f</run_address>
         <size>0x2e</size>
         <input_file_ref idref="fl-e1"/>
      </object_component>
      <object_component id="oc-a1">
         <name>.debug_line</name>
         <load_address>0x273d</load_address>
         <run_address>0x273d</run_address>
         <size>0x3c</size>
         <input_file_ref idref="fl-e2"/>
      </object_component>
      <object_component id="oc-107">
         <name>.debug_frame</name>
         <load_address>0x0</load_address>
         <run_address>0x0</run_address>
         <size>0xa8</size>
         <input_file_ref idref="fl-2"/>
      </object_component>
      <object_component id="oc-161">
         <name>.debug_frame</name>
         <load_address>0xa8</load_address>
         <run_address>0xa8</run_address>
         <size>0xbc</size>
         <input_file_ref idref="fl-5"/>
      </object_component>
      <object_component id="oc-d5">
         <name>.debug_frame</name>
         <load_address>0x164</load_address>
         <run_address>0x164</run_address>
         <size>0xfc</size>
         <input_file_ref idref="fl-9"/>
      </object_component>
      <object_component id="oc-10d">
         <name>.debug_frame</name>
         <load_address>0x260</load_address>
         <run_address>0x260</run_address>
         <size>0x22c</size>
         <input_file_ref idref="fl-c"/>
      </object_component>
      <object_component id="oc-13c">
         <name>.debug_frame</name>
         <load_address>0x48c</load_address>
         <run_address>0x48c</run_address>
         <size>0x210</size>
         <input_file_ref idref="fl-d"/>
      </object_component>
      <object_component id="oc-a9">
         <name>.debug_frame</name>
         <load_address>0x69c</load_address>
         <run_address>0x69c</run_address>
         <size>0x58</size>
         <input_file_ref idref="fl-e"/>
      </object_component>
      <object_component id="oc-12a">
         <name>.debug_frame</name>
         <load_address>0x6f4</load_address>
         <run_address>0x6f4</run_address>
         <size>0x548</size>
         <input_file_ref idref="fl-16"/>
      </object_component>
      <object_component id="oc-79">
         <name>.debug_frame</name>
         <load_address>0xc3c</load_address>
         <run_address>0xc3c</run_address>
         <size>0x6c</size>
         <input_file_ref idref="fl-17"/>
      </object_component>
      <object_component id="oc-bb">
         <name>.debug_frame</name>
         <load_address>0xca8</load_address>
         <run_address>0xca8</run_address>
         <size>0x70</size>
         <input_file_ref idref="fl-19"/>
      </object_component>
      <object_component id="oc-15">
         <name>.debug_frame</name>
         <load_address>0xd18</load_address>
         <run_address>0xd18</run_address>
         <size>0x60</size>
         <input_file_ref idref="fl-d5"/>
      </object_component>
      <object_component id="oc-1f">
         <name>.debug_frame</name>
         <load_address>0xd78</load_address>
         <run_address>0xd78</run_address>
         <size>0x54</size>
         <input_file_ref idref="fl-d6"/>
      </object_component>
      <object_component id="oc-25">
         <name>.debug_frame</name>
         <load_address>0xdcc</load_address>
         <run_address>0xdcc</run_address>
         <size>0x54</size>
         <input_file_ref idref="fl-d7"/>
      </object_component>
      <object_component id="oc-6f">
         <name>.debug_frame</name>
         <load_address>0xe20</load_address>
         <run_address>0xe20</run_address>
         <size>0x88</size>
         <input_file_ref idref="fl-d8"/>
      </object_component>
      <object_component id="oc-58">
         <name>.debug_frame</name>
         <load_address>0xea8</load_address>
         <run_address>0xea8</run_address>
         <size>0x54</size>
         <input_file_ref idref="fl-db"/>
      </object_component>
      <object_component id="oc-5d">
         <name>.debug_frame</name>
         <load_address>0xefc</load_address>
         <run_address>0xefc</run_address>
         <size>0x54</size>
         <input_file_ref idref="fl-dc"/>
      </object_component>
      <object_component id="oc-ea">
         <name>.debug_frame</name>
         <load_address>0xf50</load_address>
         <run_address>0xf50</run_address>
         <size>0x7c</size>
         <input_file_ref idref="fl-de"/>
      </object_component>
      <object_component id="oc-66">
         <name>.debug_frame</name>
         <load_address>0xfcc</load_address>
         <run_address>0xfcc</run_address>
         <size>0x54</size>
         <input_file_ref idref="fl-df"/>
      </object_component>
      <object_component id="oc-61">
         <name>.debug_frame</name>
         <load_address>0x1020</load_address>
         <run_address>0x1020</run_address>
         <size>0x5c</size>
         <input_file_ref idref="fl-e0"/>
      </object_component>
      <object_component id="oc-9b">
         <name>.debug_frame</name>
         <load_address>0x107c</load_address>
         <run_address>0x107c</run_address>
         <size>0x60</size>
         <input_file_ref idref="fl-e1"/>
      </object_component>
      <object_component id="oc-a0">
         <name>.debug_frame</name>
         <load_address>0x10dc</load_address>
         <run_address>0x10dc</run_address>
         <size>0x54</size>
         <input_file_ref idref="fl-e2"/>
      </object_component>
      <object_component id="oc-184">
         <name>.debug_abbrev</name>
         <load_address>0x0</load_address>
         <run_address>0x0</run_address>
         <size>0xe0</size>
         <input_file_ref idref="fl-2"/>
      </object_component>
      <object_component id="oc-15b">
         <name>.debug_abbrev</name>
         <load_address>0xe0</load_address>
         <run_address>0xe0</run_address>
         <size>0x27</size>
         <input_file_ref idref="fl-2"/>
      </object_component>
      <object_component id="oc-12e">
         <name>.debug_abbrev</name>
         <load_address>0x107</load_address>
         <run_address>0x107</run_address>
         <size>0x7a</size>
         <input_file_ref idref="fl-2"/>
      </object_component>
      <object_component id="oc-14b">
         <name>.debug_abbrev</name>
         <load_address>0x181</load_address>
         <run_address>0x181</run_address>
         <size>0x97</size>
         <input_file_ref idref="fl-2"/>
      </object_component>
      <object_component id="oc-188">
         <name>.debug_abbrev</name>
         <load_address>0x218</load_address>
         <run_address>0x218</run_address>
         <size>0xbd</size>
         <input_file_ref idref="fl-2"/>
      </object_component>
      <object_component id="oc-150">
         <name>.debug_abbrev</name>
         <load_address>0x2d5</load_address>
         <run_address>0x2d5</run_address>
         <size>0x61</size>
         <input_file_ref idref="fl-2"/>
      </object_component>
      <object_component id="oc-11d">
         <name>.debug_abbrev</name>
         <load_address>0x336</load_address>
         <run_address>0x336</run_address>
         <size>0x1f</size>
         <input_file_ref idref="fl-2"/>
      </object_component>
      <object_component id="oc-da">
         <name>.debug_abbrev</name>
         <load_address>0x355</load_address>
         <run_address>0x355</run_address>
         <size>0x35</size>
         <input_file_ref idref="fl-2"/>
      </object_component>
      <object_component id="oc-131">
         <name>.debug_abbrev</name>
         <load_address>0x38a</load_address>
         <run_address>0x38a</run_address>
         <size>0x4b</size>
         <input_file_ref idref="fl-2"/>
      </object_component>
      <object_component id="oc-19c">
         <name>.debug_abbrev</name>
         <load_address>0x3d5</load_address>
         <run_address>0x3d5</run_address>
         <size>0xbb</size>
         <input_file_ref idref="fl-3"/>
      </object_component>
      <object_component id="oc-146">
         <name>.debug_abbrev</name>
         <load_address>0x490</load_address>
         <run_address>0x490</run_address>
         <size>0xbd</size>
         <input_file_ref idref="fl-3"/>
      </object_component>
      <object_component id="oc-18b">
         <name>.debug_abbrev</name>
         <load_address>0x54d</load_address>
         <run_address>0x54d</run_address>
         <size>0xf9</size>
         <input_file_ref idref="fl-5"/>
      </object_component>
      <object_component id="oc-38">
         <name>.debug_abbrev</name>
         <load_address>0x646</load_address>
         <run_address>0x646</run_address>
         <size>0x1f</size>
         <input_file_ref idref="fl-5"/>
      </object_component>
      <object_component id="oc-142">
         <name>.debug_abbrev</name>
         <load_address>0x665</load_address>
         <run_address>0x665</run_address>
         <size>0x102</size>
         <input_file_ref idref="fl-9"/>
      </object_component>
      <object_component id="oc-157">
         <name>.debug_abbrev</name>
         <load_address>0x767</load_address>
         <run_address>0x767</run_address>
         <size>0x29</size>
         <input_file_ref idref="fl-9"/>
      </object_component>
      <object_component id="oc-155">
         <name>.debug_abbrev</name>
         <load_address>0x790</load_address>
         <run_address>0x790</run_address>
         <size>0x29</size>
         <input_file_ref idref="fl-9"/>
      </object_component>
      <object_component id="oc-11a">
         <name>.debug_abbrev</name>
         <load_address>0x7b9</load_address>
         <run_address>0x7b9</run_address>
         <size>0xd4</size>
         <input_file_ref idref="fl-9"/>
      </object_component>
      <object_component id="oc-17f">
         <name>.debug_abbrev</name>
         <load_address>0x88d</load_address>
         <run_address>0x88d</run_address>
         <size>0xb2</size>
         <input_file_ref idref="fl-c"/>
      </object_component>
      <object_component id="oc-17d">
         <name>.debug_abbrev</name>
         <load_address>0x93f</load_address>
         <run_address>0x93f</run_address>
         <size>0x27</size>
         <input_file_ref idref="fl-c"/>
      </object_component>
      <object_component id="oc-15e">
         <name>.debug_abbrev</name>
         <load_address>0x966</load_address>
         <run_address>0x966</run_address>
         <size>0x27</size>
         <input_file_ref idref="fl-c"/>
      </object_component>
      <object_component id="oc-140">
         <name>.debug_abbrev</name>
         <load_address>0x98d</load_address>
         <run_address>0x98d</run_address>
         <size>0x105</size>
         <input_file_ref idref="fl-c"/>
      </object_component>
      <object_component id="oc-19a">
         <name>.debug_abbrev</name>
         <load_address>0xa92</load_address>
         <run_address>0xa92</run_address>
         <size>0xab</size>
         <input_file_ref idref="fl-d"/>
      </object_component>
      <object_component id="oc-18e">
         <name>.debug_abbrev</name>
         <load_address>0xb3d</load_address>
         <run_address>0xb3d</run_address>
         <size>0x27</size>
         <input_file_ref idref="fl-d"/>
      </object_component>
      <object_component id="oc-190">
         <name>.debug_abbrev</name>
         <load_address>0xb64</load_address>
         <run_address>0xb64</run_address>
         <size>0x27</size>
         <input_file_ref idref="fl-d"/>
      </object_component>
      <object_component id="oc-192">
         <name>.debug_abbrev</name>
         <load_address>0xb8b</load_address>
         <run_address>0xb8b</run_address>
         <size>0x27</size>
         <input_file_ref idref="fl-d"/>
      </object_component>
      <object_component id="oc-194">
         <name>.debug_abbrev</name>
         <load_address>0xbb2</load_address>
         <run_address>0xbb2</run_address>
         <size>0x27</size>
         <input_file_ref idref="fl-d"/>
      </object_component>
      <object_component id="oc-196">
         <name>.debug_abbrev</name>
         <load_address>0xbd9</load_address>
         <run_address>0xbd9</run_address>
         <size>0x27</size>
         <input_file_ref idref="fl-d"/>
      </object_component>
      <object_component id="oc-198">
         <name>.debug_abbrev</name>
         <load_address>0xc00</load_address>
         <run_address>0xc00</run_address>
         <size>0x27</size>
         <input_file_ref idref="fl-d"/>
      </object_component>
      <object_component id="oc-18c">
         <name>.debug_abbrev</name>
         <load_address>0xc27</load_address>
         <run_address>0xc27</run_address>
         <size>0x29</size>
         <input_file_ref idref="fl-d"/>
      </object_component>
      <object_component id="oc-17b">
         <name>.debug_abbrev</name>
         <load_address>0xc50</load_address>
         <run_address>0xc50</run_address>
         <size>0x15d</size>
         <input_file_ref idref="fl-d"/>
      </object_component>
      <object_component id="oc-153">
         <name>.debug_abbrev</name>
         <load_address>0xdad</load_address>
         <run_address>0xdad</run_address>
         <size>0xdc</size>
         <input_file_ref idref="fl-e"/>
      </object_component>
      <object_component id="oc-d7">
         <name>.debug_abbrev</name>
         <load_address>0xe89</load_address>
         <run_address>0xe89</run_address>
         <size>0x60</size>
         <input_file_ref idref="fl-e"/>
      </object_component>
      <object_component id="oc-182">
         <name>.debug_abbrev</name>
         <load_address>0xee9</load_address>
         <run_address>0xee9</run_address>
         <size>0xb2</size>
         <input_file_ref idref="fl-16"/>
      </object_component>
      <object_component id="oc-159">
         <name>.debug_abbrev</name>
         <load_address>0xf9b</load_address>
         <run_address>0xf9b</run_address>
         <size>0x161</size>
         <input_file_ref idref="fl-16"/>
      </object_component>
      <object_component id="oc-be">
         <name>.debug_abbrev</name>
         <load_address>0x10fc</load_address>
         <run_address>0x10fc</run_address>
         <size>0x73</size>
         <input_file_ref idref="fl-17"/>
      </object_component>
      <object_component id="oc-7b">
         <name>.debug_abbrev</name>
         <load_address>0x116f</load_address>
         <run_address>0x116f</run_address>
         <size>0x29</size>
         <input_file_ref idref="fl-17"/>
      </object_component>
      <object_component id="oc-bd">
         <name>.debug_abbrev</name>
         <load_address>0x1198</load_address>
         <run_address>0x1198</run_address>
         <size>0x89</size>
         <input_file_ref idref="fl-17"/>
      </object_component>
      <object_component id="oc-123">
         <name>.debug_abbrev</name>
         <load_address>0x1221</load_address>
         <run_address>0x1221</run_address>
         <size>0x29</size>
         <input_file_ref idref="fl-19"/>
      </object_component>
      <object_component id="oc-f5">
         <name>.debug_abbrev</name>
         <load_address>0x124a</load_address>
         <run_address>0x124a</run_address>
         <size>0x8b</size>
         <input_file_ref idref="fl-19"/>
      </object_component>
      <object_component id="oc-74">
         <name>.debug_abbrev</name>
         <load_address>0x12d5</load_address>
         <run_address>0x12d5</run_address>
         <size>0x3e</size>
         <input_file_ref idref="fl-d4"/>
      </object_component>
      <object_component id="oc-c0">
         <name>.debug_abbrev</name>
         <load_address>0x1313</load_address>
         <run_address>0x1313</run_address>
         <size>0x37</size>
         <input_file_ref idref="fl-d5"/>
      </object_component>
      <object_component id="oc-30">
         <name>.debug_abbrev</name>
         <load_address>0x134a</load_address>
         <run_address>0x134a</run_address>
         <size>0x6f</size>
         <input_file_ref idref="fl-d5"/>
      </object_component>
      <object_component id="oc-33">
         <name>.debug_abbrev</name>
         <load_address>0x13b9</load_address>
         <run_address>0x13b9</run_address>
         <size>0x24</size>
         <input_file_ref idref="fl-d5"/>
      </object_component>
      <object_component id="oc-80">
         <name>.debug_abbrev</name>
         <load_address>0x13dd</load_address>
         <run_address>0x13dd</run_address>
         <size>0x35</size>
         <input_file_ref idref="fl-d5"/>
      </object_component>
      <object_component id="oc-8a">
         <name>.debug_abbrev</name>
         <load_address>0x1412</load_address>
         <run_address>0x1412</run_address>
         <size>0x5d</size>
         <input_file_ref idref="fl-d6"/>
      </object_component>
      <object_component id="oc-40">
         <name>.debug_abbrev</name>
         <load_address>0x146f</load_address>
         <run_address>0x146f</run_address>
         <size>0x74</size>
         <input_file_ref idref="fl-d6"/>
      </object_component>
      <object_component id="oc-43">
         <name>.debug_abbrev</name>
         <load_address>0x14e3</load_address>
         <run_address>0x14e3</run_address>
         <size>0x24</size>
         <input_file_ref idref="fl-d6"/>
      </object_component>
      <object_component id="oc-87">
         <name>.debug_abbrev</name>
         <load_address>0x1507</load_address>
         <run_address>0x1507</run_address>
         <size>0x24</size>
         <input_file_ref idref="fl-d6"/>
      </object_component>
      <object_component id="oc-92">
         <name>.debug_abbrev</name>
         <load_address>0x152b</load_address>
         <run_address>0x152b</run_address>
         <size>0x5d</size>
         <input_file_ref idref="fl-d7"/>
      </object_component>
      <object_component id="oc-4c">
         <name>.debug_abbrev</name>
         <load_address>0x1588</load_address>
         <run_address>0x1588</run_address>
         <size>0x74</size>
         <input_file_ref idref="fl-d7"/>
      </object_component>
      <object_component id="oc-4f">
         <name>.debug_abbrev</name>
         <load_address>0x15fc</load_address>
         <run_address>0x15fc</run_address>
         <size>0x24</size>
         <input_file_ref idref="fl-d7"/>
      </object_component>
      <object_component id="oc-8f">
         <name>.debug_abbrev</name>
         <load_address>0x1620</load_address>
         <run_address>0x1620</run_address>
         <size>0x24</size>
         <input_file_ref idref="fl-d7"/>
      </object_component>
      <object_component id="oc-f0">
         <name>.debug_abbrev</name>
         <load_address>0x1644</load_address>
         <run_address>0x1644</run_address>
         <size>0xb3</size>
         <input_file_ref idref="fl-d8"/>
      </object_component>
      <object_component id="oc-e4">
         <name>.debug_abbrev</name>
         <load_address>0x16f7</load_address>
         <run_address>0x16f7</run_address>
[...]
      </symbol>
      <symbol id="sm-274">
         <name>EUSCI_B_SPI_masterChangeClock</name>
         <value>0x609</value>
         <object_component_ref idref="oc-125"/>
      </symbol>
      <symbol id="sm-275">
         <name>EUSCI_A_SPI_disable</name>
         <value>0x937</value>
         <object_component_ref idref="oc-125"/>
      </symbol>
      <symbol id="sm-276">
         <name>EUSCI_A_SPI_getInterruptStatus</name>
         <value>0x8ef</value>
         <object_component_ref idref="oc-125"/>
      </symbol>
      <symbol id="sm-277">
         <name>EUSCI_B_SPI_getInterruptStatus</name>
         <value>0x721</value>
         <object_component_ref idref="oc-125"/>
      </symbol>
      <symbol id="sm-278">
         <name>EUSCI_A_SPI_getTransmitBufferAddressForDMA</name>
         <value>0x95b</value>
         <object_component_ref idref="oc-125"/>
      </symbol>
      <symbol id="sm-279">
         <name>EUSCI_B_SPI_enable</name>
         <value>0x753</value>
         <object_component_ref idref="oc-125"/>
      </symbol>
      <symbol id="sm-27a">
         <name>SPI_enableModule</name>
         <value>0x319</value>
         <object_component_ref idref="oc-125"/>
      </symbol>
      <symbol id="sm-27b">
         <name>EUSCI_A_SPI_receiveData</name>
         <value>0x8ab</value>
         <object_component_ref idref="oc-125"/>
      </symbol>
      <symbol id="sm-27c">
         <name>EUSCI_A_SPI_transmitData</name>
         <value>0x895</value>
         <object_component_ref idref="oc-125"/>
      </symbol>
      <symbol id="sm-27d">
         <name>SPI_disableModule</name>
         <value>0x335</value>
         <object_component_ref idref="oc-125"/>
      </symbol>
      <symbol id="sm-27e">
         <name>EUSCI_B_SPI_getReceiveBufferAddressForDMA</name>
         <value>0x77f</value>
         <object_component_ref idref="oc-125"/>
      </symbol>
      <symbol id="sm-27f">
         <name>SPI_changeMasterClock</name>
         <value>0x201</value>
         <object_component_ref idref="oc-125"/>
      </symbol>
      <symbol id="sm-280">
         <name>EUSCI_B_SPI_disableInterrupt</name>
         <value>0x707</value>
         <object_component_ref idref="oc-125"/>
      </symbol>
      <symbol id="sm-281">
         <name>EUSCI_B_SPI_disable</name>
         <value>0x769</value>
         <object_component_ref idref="oc-125"/>
      </symbol>
      <symbol id="sm-282">
         <name>SPI_selectFourPinFunctionality</name>
         <value>0x1db</value>
         <object_component_ref idref="oc-125"/>
      </symbol>
      <symbol id="sm-283">
         <name>SPI_clearInterruptFlag</name>
         <value>0x459</value>
         <object_component_ref idref="oc-125"/>
      </symbol>
      <symbol id="sm-284">
         <name>SPI_registerInterrupt</name>
         <value>0x47f</value>
         <object_component_ref idref="oc-125"/>
      </symbol>
      <symbol id="sm-285">
         <name>EUSCI_B_SPI_changeClockPhasePolarity</name>
         <value>0x685</value>
         <object_component_ref idref="oc-125"/>
      </symbol>
      <symbol id="sm-286">
         <name>EUSCI_B_SPI_transmitData</name>
         <value>0x6c7</value>
         <object_component_ref idref="oc-125"/>
      </symbol>
      <symbol id="sm-287">
         <name>SPI_isBusy</name>
         <value>0x399</value>
         <object_component_ref idref="oc-125"/>
      </symbol>
      <symbol id="sm-288">
         <name>EUSCI_B_SPI_clearInterruptFlag</name>
         <value>0x739</value>
         <object_component_ref idref="oc-125"/>
      </symbol>
      <symbol id="sm-289">
         <name>EUSCI_A_SPI_clearInterruptFlag</name>
         <value>0x907</value>
         <object_component_ref idref="oc-125"/>
      </symbol>
      <symbol id="sm-28a">
         <name>SPI_transmitData</name>
         <value>0x2d7</value>
         <object_component_ref idref="oc-125"/>
      </symbol>
      <symbol id="sm-28b">
         <name>SPI_getReceiveBufferAddressForDMA</name>
         <value>0x351</value>
         <object_component_ref idref="oc-125"/>
      </symbol>
      <symbol id="sm-28c">
         <name>SPI_getTransmitBufferAddressForDMA</name>
         <value>0x36d</value>
         <object_component_ref idref="oc-125"/>
      </symbol>
      <symbol id="sm-28d">
         <name>EUSCI_A_SPI_enable</name>
         <value>0x921</value>
         <object_component_ref idref="oc-125"/>
      </symbol>
      <symbol id="sm-28e">
         <name>EUSCI_B_SPI_enableInterrupt</name>
         <value>0x6ed</value>
         <object_component_ref idref="oc-125"/>
      </symbol>
      <symbol id="sm-28f">
         <name>SPI_receiveData</name>
         <value>0x2fd</value>
         <object_component_ref idref="oc-125"/>
      </symbol>
      <symbol id="sm-290">
         <name>EUSCI_A_SPI_getReceiveBufferAddressForDMA</name>
         <value>0x94d</value>
         <object_component_ref idref="oc-125"/>
      </symbol>
      <symbol id="sm-291">
         <name>SPI_getInterruptStatus</name>
         <value>0x401</value>
         <object_component_ref idref="oc-125"/>
      </symbol>
      <symbol id="sm-292">
         <name>EUSCI_A_SPI_slaveInit</name>
         <value>0x809</value>
         <object_component_ref idref="oc-125"/>
      </symbol>
      <symbol id="sm-293">
         <name>EUSCI_B_SPI_slaveInit</name>
         <value>0x63b</value>
         <object_component_ref idref="oc-125"/>
      </symbol>
      <symbol id="sm-294">
         <name>SPI_initMaster</name>
         <value>0x115</value>
         <object_component_ref idref="oc-125"/>
      </symbol>
      <symbol id="sm-295">
         <name>SPI_getEnabledInterruptStatus</name>
         <value>0x429</value>
         <object_component_ref idref="oc-125"/>
      </symbol>
      <symbol id="sm-296">
         <name>EUSCI_B_SPI_getTransmitBufferAddressForDMA</name>
         <value>0x78d</value>
         <object_component_ref idref="oc-125"/>
      </symbol>
      <symbol id="sm-297">
         <name>EUSCI_A_SPI_disableInterrupt</name>
         <value>0x8d5</value>
         <object_component_ref idref="oc-125"/>
      </symbol>
      <symbol id="sm-298">
         <name>SPI_unregisterInterrupt</name>
         <value>0x53d</value>
         <object_component_ref idref="oc-125"/>
      </symbol>
      <symbol id="sm-299">
         <name>EUSCI_A_SPI_masterChangeClock</name>
         <value>0x7d3</value>
         <object_component_ref idref="oc-125"/>
      </symbol>
      <symbol id="sm-29a">
         <name>EUSCI_A_SPI_isBusy</name>
         <value>0x969</value>
         <object_component_ref idref="oc-125"/>
      </symbol>
      <symbol id="sm-29b">
         <name>SPI_enableInterrupt</name>
         <value>0x3b5</value>
         <object_component_ref idref="oc-125"/>
      </symbol>
      <symbol id="sm-29c">
         <name>SPI_disableInterrupt</name>
         <value>0x3db</value>
         <object_component_ref idref="oc-125"/>
      </symbol>
      <symbol id="sm-2b1">
         <name>Reset_Handler</name>
         <value>0x1dff</value>
         <object_component_ref idref="oc-75"/>
      </symbol>
      <symbol id="sm-2b2">
         <name>Default_Handler</name>
         <value>0x1e0b</value>
         <object_component_ref idref="oc-75"/>
      </symbol>
      <symbol id="sm-2b3">
         <name>interruptVectors</name>
         <value>0x0</value>
         <object_component_ref idref="oc-2c"/>
      </symbol>
      <symbol id="sm-2fc">
         <name>SystemInit</name>
         <value>0x18a9</value>
         <object_component_ref idref="oc-b7"/>
      </symbol>
      <symbol id="sm-2fd">
         <name>SystemCoreClockUpdate</name>
         <value>0x1631</value>
         <object_component_ref idref="oc-b7"/>
      </symbol>
      <symbol id="sm-2fe">
         <name>SystemCoreClock</name>
         <value>0x2000012c</value>
         <object_component_ref idref="oc-f2"/>
      </symbol>
      <symbol id="sm-310">
         <name>_c_int00</name>
         <value>0x1c91</value>
         <object_component_ref idref="oc-26"/>
      </symbol>
      <symbol id="sm-311">
         <name>__stack</name>
         <value>0x2000fe00</value>
         <object_component_ref idref="oc-2f"/>
      </symbol>
      <symbol id="sm-32f">
         <name>__TI_decompress_lzss</name>
         <value>0x1bc1</value>
         <object_component_ref idref="oc-14"/>
      </symbol>
      <symbol id="sm-346">
         <name>__TI_decompress_none</name>
         <value>0x1df1</value>
         <object_component_ref idref="oc-1a"/>
      </symbol>
      <symbol id="sm-35d">
         <name>__TI_zero_init</name>
         <value>0x1e0d</value>
         <object_component_ref idref="oc-20"/>
      </symbol>
      <symbol id="sm-37e">
         <name>C$$EXIT</name>
         <value>0x1ce5</value>
         <object_component_ref idref="oc-6b"/>
      </symbol>
      <symbol id="sm-37f">
         <name>abort</name>
         <value>0x1ce9</value>
         <object_component_ref idref="oc-6b"/>
      </symbol>
      <symbol id="sm-380">
         <name>exit</name>
         <value>0x1cf1</value>
         <object_component_ref idref="oc-6b"/>
      </symbol>
      <symbol id="sm-381">
         <name>__TI_dtors_ptr</name>
         <value>0x20000118</value>
         <object_component_ref idref="oc-ac"/>
      </symbol>
      <symbol id="sm-382">
         <name>__TI_cleanup_ptr</name>
         <value>0x20000114</value>
         <object_component_ref idref="oc-ac"/>
      </symbol>
      <symbol id="sm-383">
         <name>__TI_enable_exit_profile_output</name>
         <value>0x2000011c</value>
         <object_component_ref idref="oc-ac"/>
      </symbol>
      <symbol id="sm-39e">
         <name>memcpy</name>
         <value>0x1a39</value>
         <object_component_ref idref="oc-3b"/>
      </symbol>
      <symbol id="sm-39f">
         <name>__aeabi_memcpy</name>
         <value>0x1a39</value>
         <object_component_ref idref="oc-3b"/>
      </symbol>
      <symbol id="sm-3a0">
         <name>__aeabi_memcpy8</name>
         <value>0x1a39</value>
         <object_component_ref idref="oc-3b"/>
      </symbol>
      <symbol id="sm-3a1">
         <name>__aeabi_memcpy4</name>
         <value>0x1a39</value>
         <object_component_ref idref="oc-3b"/>
      </symbol>
      <symbol id="sm-3b0">
         <name>__aeabi_memset</name>
         <value>0x1ad7</value>
         <object_component_ref idref="oc-47"/>
      </symbol>
      <symbol id="sm-3b1">
         <name>memset</name>
         <value>0x1add</value>
         <object_component_ref idref="oc-47"/>
      </symbol>
      <symbol id="sm-3b2">
         <name>__aeabi_memset8</name>
         <value>0x1ad7</value>
         <object_component_ref idref="oc-47"/>
      </symbol>
      <symbol id="sm-3b3">
         <name>__aeabi_memset4</name>
         <value>0x1ad7</value>
         <object_component_ref idref="oc-47"/>
      </symbol>
      <symbol id="sm-3b4">
         <name>__aeabi_memclr8</name>
         <value>0x1ad5</value>
         <object_component_ref idref="oc-47"/>
      </symbol>
      <symbol id="sm-3b5">
         <name>__aeabi_memclr4</name>
         <value>0x1ad5</value>
         <object_component_ref idref="oc-47"/>
      </symbol>
      <symbol id="sm-3b6">
         <name>__aeabi_memclr</name>
         <value>0x1ad5</value>
         <object_component_ref idref="oc-47"/>
      </symbol>
      <symbol id="sm-3c0">
         <name>__mpu_init</name>
         <value>0x1b4f</value>
         <object_component_ref idref="oc-53"/>
      </symbol>
      <symbol id="sm-3ca">
         <name>_system_pre_init</name>
         <value>0x1e19</value>
         <object_component_ref idref="oc-59"/>
      </symbol>
      <symbol id="sm-3d2">
         <name>main_func_sp</name>
         <value>0x20000128</value>
         <object_component_ref idref="oc-71"/>
      </symbol>
      <symbol id="sm-3eb">
         <name>_nop</name>
         <value>0x1deb</value>
         <object_component_ref idref="oc-e6"/>
      </symbol>
      <symbol id="sm-3ec">
         <name>_lock</name>
         <value>0x20000120</value>
         <object_component_ref idref="oc-af"/>
      </symbol>
      <symbol id="sm-3ed">
         <name>_unlock</name>
         <value>0x20000124</value>
         <object_component_ref idref="oc-af"/>
      </symbol>
      <symbol id="sm-3ee">
         <name>_register_lock</name>
         <value>0x1de3</value>
         <object_component_ref idref="oc-e6"/>
      </symbol>
      <symbol id="sm-3ef">
         <name>_register_unlock</name>
         <value>0x1ddd</value>
         <object_component_ref idref="oc-e6"/>
      </symbol>
      <symbol id="sm-403">
         <name>_args_main</name>
         <value>0x1dc5</value>
         <object_component_ref idref="oc-65"/>
      </symbol>
      <symbol id="sm-42d">
         <name>__TI_auto_init</name>
         <value>0x1b51</value>
         <object_component_ref idref="oc-5f"/>
      </symbol>
      <symbol id="sm-447">
         <name>copy_in</name>
         <value>0x1d39</value>
         <object_component_ref idref="oc-96"/>
      </symbol>
      <symbol id="sm-451">
         <name>_system_post_cinit</name>
         <value>0x1dc3</value>
         <object_component_ref idref="oc-9c"/>
      </symbol>
      <symbol id="sm-452">
         <name>__TI_static_base__</name>
         <value>0x0</value>
      </symbol>
      <symbol id="sm-455">
         <name>SHT$$INIT_ARRAY$$Limit</name>
         <value>0x0</value>
      </symbol>
      <symbol id="sm-456">
         <name>SHT$$INIT_ARRAY$$Base</name>
         <value>0x0</value>
      </symbol>
      <symbol id="sm-457">
         <name>NMI_Handler</name>
         <value>0x1e0b</value>
      </symbol>
      <symbol id="sm-458">
         <name>HardFault_Handler</name>
         <value>0x1e0b</value>
      </symbol>
      <symbol id="sm-459">
         <name>MemManage_Handler</name>
         <value>0x1e0b</value>
      </symbol>
      <symbol id="sm-45a">
         <name>BusFault_Handler</name>
         <value>0x1e0b</value>
      </symbol>
      <symbol id="sm-45b">
         <name>UsageFault_Handler</name>
         <value>0x1e0b</value>
      </symbol>
      <symbol id="sm-45c">
         <name>SVC_Handler</name>
         <value>0x1e0b</value>
      </symbol>
      <symbol id="sm-45d">
         <name>DebugMon_Handler</name>
         <value>0x1e0b</value>
      </symbol>
      <symbol id="sm-45e">
         <name>PendSV_Handler</name>
         <value>0x1e0b</value>
      </symbol>
      <symbol id="sm-45f">
         <name>SysTick_Handler</name>
         <value>0x1e0b</value>
      </symbol>
      <symbol id="sm-460">
         <name>PSS_IRQHandler</name>
         <value>0x1e0b</value>
      </symbol>
      <symbol id="sm-461">
         <name>CS_IRQHandler</name>
         <value>0x1e0b</value>
      </symbol>
      <symbol id="sm-462">
         <name>PCM_IRQHandler</name>
         <value>0x1e0b</value>
      </symbol>
      <symbol id="sm-463">
         <name>WDT_A_IRQHandler</name>
         <value>0x1e0b</value>
      </symbol>
      <symbol id="sm-464">
         <name>FPU_IRQHandler</name>
         <value>0x1e0b</value>
      </symbol>
      <symbol id="sm-465">
         <name>FLCTL_IRQHandler</name>
         <value>0x1e0b</value>
      </symbol>
      <symbol id="sm-466">
         <name>COMP_E0_IRQHandler</name>
         <value>0x1e0b</value>
      </symbol>
      <symbol id="sm-467">
         <name>COMP_E1_IRQHandler</name>
         <value>0x1e0b</value>
      </symbol>
      <symbol id="sm-468">
         <name>TA0_0_IRQHandler</name>
         <value>0x1e0b</value>
      </symbol>
      <symbol id="sm-469">
         <name>TA0_N_IRQHandler</name>
         <value>0x1e0b</value>
      </symbol>
      <symbol id="sm-46a">
         <name>TA1_0_IRQHandler</name>
         <value>0x1e0b</value>
      </symbol>
      <symbol id="sm-46b">
         <name>TA1_N_IRQHandler</name>
         <value>0x1e0b</value>
      </symbol>
      <symbol id="sm-46c">
         <name>TA2_0_IRQHandler</name>
         <value>0x1e0b</value>
      </symbol>
      <symbol id="sm-46d">
         <name>TA2_N_IRQHandler</name>
         <value>0x1e0b</value>
      </symbol>
      <symbol id="sm-46e">
         <name>TA3_0_IRQHandler</name>
         <value>0x1e0b</value>
      </symbol>
      <symbol id="sm-46f">
         <name>TA3_N_IRQHandler</name>
         <value>0x1e0b</value>
      </symbol>
      <symbol id="sm-470">
         <name>EUSCIA0_IRQHandler</name>
         <value>0x1e0b</value>
      </symbol>
      <symbol id="sm-471">
         <name>EUSCIA1_IRQHandler</name>
         <value>0x1e0b</value>
      </symbol>
      <symbol id="sm-472">
         <name>EUSCIA2_IRQHandler</name>
         <value>0x1e0b</value>
      </symbol>
      <symbol id="sm-473">
         <name>EUSCIA3_IRQHandler</name>
         <value>0x1e0b</value>
      </symbol>
      <symbol id="sm-474">
         <name>EUSCIB0_IRQHandler</name>
         <value>0x1e0b</value>
      </symbol>
      <symbol id="sm-475">
         <name>EUSCIB1_IRQHandler</name>
         <value>0x1e0b</value>
      </symbol>
      <symbol id="sm-476">
         <name>EUSCIB2_IRQHandler</name>
         <value>0x1e0b</value>
      </symbol>
      <symbol id="sm-477">
         <name>EUSCIB3_IRQHandler</name>
         <value>0x1e0b</value>
      </symbol>
      <symbol id="sm-478">
         <name>ADC14_IRQHandler</name>
         <value>0x1e0b</value>
      </symbol>
      <symbol id="sm-479">
         <name>T32_INT1_IRQHandler</name>
         <value>0x1e0b</value>
      </symbol>
      <symbol id="sm-47a">
         <name>T32_INT2_IRQHandler</name>
         <value>0x1e0b</value>
      </symbol>
      <symbol id="sm-47b">
         <name>T32_INTC_IRQHandler</name>
         <value>0x1e0b</value>
      </symbol>
      <symbol id="sm-47c">
         <name>AES256_IRQHandler</name>
         <value>0x1e0b</value>
      </symbol>
      <symbol id="sm-47d">
         <name>RTC_C_IRQHandler</name>
         <value>0x1e0b</value>
      </symbol>
      <symbol id="sm-47e">
         <name>DMA_ERR_IRQHandler</name>
         <value>0x1e0b</value>
      </symbol>
      <symbol id="sm-47f">
         <name>DMA_INT3_IRQHandler</name>
         <value>0x1e0b</value>
      </symbol>
      <symbol id="sm-480">
         <name>DMA_INT2_IRQHandler</name>
         <value>0x1e0b</value>
      </symbol>
      <symbol id="sm-481">
         <name>DMA_INT1_IRQHandler</name>
         <value>0x1e0b</value>
      </symbol>
      <symbol id="sm-482">
         <name>DMA_INT0_IRQHandler</name>
         <value>0x1e0b</value>
      </symbol>
      <symbol id="sm-483">
         <name>PORT1_IRQHandler</name>
         <value>0x1e0b</value>
      </symbol>
      <symbol id="sm-484">
         <name>PORT2_IRQHandler</name>
         <value>0x1e0b</value>
      </symbol>
      <symbol id="sm-485">
         <name>PORT3_IRQHandler</name>
         <value>0x1e0b</value>
      </symbol>
      <symbol id="sm-486">
         <name>PORT4_IRQHandler</name>
         <value>0x1e0b</value>
      </symbol>
      <symbol id="sm-487">
         <name>PORT5_IRQHandler</name>
         <value>0x1e0b</value>
      </symbol>
      <symbol id="sm-488">
         <name>PORT6_IRQHandler</name>
         <value>0x1e0b</value>
      </symbol>
   </symbol_table>
   <title>Link successful</title>
</link_info>
